../Core/Src/main.c:299:5:main	8	static
../Core/Src/main.c:409:6:SystemClock_Config	88	static
../Core/Src/main.c:456:13:MX_SPI1_Init	8	static
../Core/Src/main.c:494:13:MX_TIM1_Init	56	static
../Core/Src/main.c:544:13:MX_TIM2_Init	56	static
../Core/Src/main.c:593:13:MX_TIM3_Init	56	static
../Core/Src/main.c:642:13:MX_TIM4_Init	56	static
../Core/Src/main.c:691:13:MX_TIM5_Init	32	static
../Core/Src/main.c:736:13:MX_TIM9_Init	56	static
../Core/Src/main.c:792:13:MX_TIM10_Init	40	static
../Core/Src/main.c:838:13:MX_TIM11_Init	40	static
../Core/Src/main.c:884:13:MX_TIM13_Init	40	static
../Core/Src/main.c:930:13:MX_USART2_UART_Init	8	static
../Core/Src/main.c:963:13:MX_USART3_UART_Init	8	static
../Core/Src/main.c:994:13:MX_DMA_Init	16	static
../Core/Src/main.c:1021:13:MX_GPIO_Init	64	static
../Core/Src/main.c:1135:1:__io_putchar	16	static
../Core/Src/main.c:1155:6:subscription_callback	24	static
../Core/Src/main.c:1177:6:StartDefaultTask	112	static
../Core/Src/main.c:1311:6:StartTask02	24	static
../Core/Src/main.c:1347:6:StartTask03	24	static
../Core/Src/main.c:1381:6:StartTask04	32	static
../Core/Src/main.c:1414:6:StartTask05	24	static
../Core/Src/main.c:1454:6:StartTask06	16	static
../Core/Src/main.c:1473:6:StartTask07	344	static
../Core/Src/main.c:1564:6:HAL_TIM_PeriodElapsedCallback	16	static
../Core/Src/main.c:1588:6:Error_Handler	4	static,ignoring_inline_asm
